// Vitest Snapshot v1, https://vitest.dev/guide/snapshot.html

exports[`should sticky to bottom after scroll 1`] = `
"<view>
  <view class=\\"nut-sticky\\"></view>
</view>"
`;

exports[`should sticky to top after scroll 1`] = `
"<view>
  <view class=\\"nut-sticky\\"></view>
</view>"
`;
