// Vitest Snapshot v1, https://vitest.dev/guide/snapshot.html

exports[`should render fixed element when using bottom prop 1`] = `
"<div class=\\"\\">
  <view class=\\"nut-tabbar nut-tabbar-bottom nut-tabbar-safebottom\\"></view>
</div>"
`;
