// Vitest Snapshot v1, https://vitest.dev/guide/snapshot.html

exports[`slot: html should contain custom text 1`] = `"<view class=\\"nut-divider nut-divider-center nut-divider-hairline\\">custom text</view>"`;
