// Vitest Snapshot v1, https://vitest.dev/guide/snapshot.html

exports[`should render icon dongdong 1`] = `""`;

exports[`should render icon image type 1`] = `""`;
